// Jest Snapshot v1, https://goo.gl/fbAQLP

exports[`dynamic-import should return extracted keys 1`] = `
"{
  \\"category1\\": {
    \\"Message 1\\": \\"\\",
    \\"Message 2\\": \\"\\"
  },
  \\"category2\\": {
    \\"Message 3\\": \\"\\",
    \\"Message imported\\": \\"\\"
  }
}"
`;
