// Jest Snapshot v1, https://goo.gl/fbAQLP

exports[`extract-translations should return extracted keys 1`] = `
Object {
  "category1": Object {
    "Message 1": "",
    "Message 2": "",
  },
  "category2": Object {
    "Message 3": "",
    "Message imported": "",
  },
}
`;
