// Jest Snapshot v1, https://goo.gl/fbAQLP

exports[`opts-output-space-4 should return extracted keys 1`] = `
"{
    \\"category1\\": {
        \\"Message 1\\": \\"\\",
        \\"Message 2\\": \\"\\"
    },
    \\"category2\\": {
        \\"Message 3\\": \\"\\"
    }
}"
`;
