// Jest Snapshot v1, https://goo.gl/fbAQLP

exports[`opts-output-space-tab.test.js 1`] = `
"{
	\\"category1\\": {
		\\"Message 1\\": \\"\\",
		\\"Message 2\\": \\"\\"
	},
	\\"category2\\": {
		\\"Message 3\\": \\"\\"
	}
}"
`;
