// Jest Snapshot v1, https://goo.gl/fbAQLP

exports[`options.functionName the object notation should return extracted keys 1`] = `
"{
  \\"category\\": {
    \\"key\\": \\"\\"
  }
}"
`;
